RAM Allocation
Variable                                                          Address   Size
--------------------------------------------------------------------------------
__ds18b20_scratch_pad                                             0x0160       9
error_ds18b20                                                     0x0169       1
z                                                                 0x016A       1
z1                                                                0x016B       1
bud                                                               0x016C       1
temp                                                              0x016D       1
temp1                                                             0x016E       1
temp2                                                             0x016F       1
t                                                                 0x0170       1
flg_korr                                                          0x0171       1
speed                                                             0x0172       1
font_                                                             0x0173       1
delayBan                                                          0x0174       1
delayTime                                                         0x0175       1
str_sec                                                           0x0176       1
ekran                                                             0x0177      24
beg_info                                                          0x018F     280
rom_code                                                          0x02A7      18
budilnik_Install                                                  0x02B9       9
budilnik_Interval                                                 0x02C2       9
lightTime                                                         0x02CB       1
completeBeepTime                                                  0x02CC       1
timerLight                                                        0x02CD       1
alertTime                                                         0x02CE       1
timerAlert                                                        0x02CF       1
timerDrova                                                        0x02D0       1
tone                                                              0x02D1       1
timeToComplete                                                    0x02D2       1
budilnik_time                                                     0x02D3      18
ds_ar                                                             0x02E5       9
sensorsReadCount                                                  0x02EE       1
time                                                              0x02EF       2
sunriseToday                                                      0x02F1       2
sunsetToday                                                       0x02F3       2
tempComplete                                                      0x02F5       2
temperature                                                       0x02F7      12
tempMin                                                           0x0303       2
historyTemp                                                       0x0305      10
averageTemp                                                       0x030F       6
devices                                                           0x0315       1
simvol                                                            0x0316     290
animation                                                         0x0438       1
Interval                                                          0x0439       2
Interval_2                                                        0x043B       2
data1                                                             0x043D       2
str_time                                                          0x043F       2
stroka                                                            0x0441       1
i                                                                 0x0442       1
checkButton                                                       0x0443       1
checkEnd1                                                         0x0444       1
pump_pause                                                        0x0445       2
endSwitch1Pause                                                   0x0447       2
Shift_zn                                                          0x0449       1
temp                                                              0x044A       1
temp                                                              0x044B       1
count                                                             0x044C       1
tryCount                                                          0x044D       1
j                                                                 0x044E       1

EEPROM Allocation
Variable                                                          Address   Size
--------------------------------------------------------------------------------
korr_den                                                          0x0000       2
brigh_up_time                                                     0x0002       2
brigh_down_time                                                   0x0004       2
brigh_up                                                          0x0006       1
str_period                                                        0x0007       1
str                                                               0x0008       1

Register Allocation
Variable                                                          Register  Size
--------------------------------------------------------------------------------
font_epp                                                          R5           1
mig                                                               R2.0      1bit
flg_min                                                           R2.1      1bit
bud_flg                                                           R2.2      1bit
but_flg                                                           R2.3      1bit
zv_kn                                                             R2.4      1bit
zv_chs                                                            R2.5      1bit
but_on                                                            R2.6      1bit
line                                                              R2.7      1bit
power                                                             R3.0      1bit
temp5                                                             R3.1      1bit
flg_ds18b20                                                       R3.2      1bit
pumpStatus                                                        R3.3      1bit
banya_is_complete                                                 R3.4      1bit
needDrova                                                         R3.5      1bit
endSwitch                                                         R3.6      1bit
noticeBanya                                                       R3.7      1bit
meny                                                              R4           1
sek                                                               R7           1
chislo                                                            R6           1
mesec                                                             R9           1
god                                                               R8           1
den_nedeli                                                        R11          1
bud_temp                                                          R10          1
button                                                            R13          1
but_pause                                                         R12          1
